mode: atomic
github.com/ilpaka/landmark_app/backend/moderation-service/internal/modules/moderation/app/service.go:15.141,17.59 2 3
github.com/ilpaka/landmark_app/backend/moderation-service/internal/modules/moderation/app/service.go:17.59,19.3 1 1
github.com/ilpaka/landmark_app/backend/moderation-service/internal/modules/moderation/app/service.go:20.2,20.67 1 2
github.com/ilpaka/landmark_app/backend/moderation-service/internal/modules/moderation/app/service.go:23.100,24.35 1 1
github.com/ilpaka/landmark_app/backend/moderation-service/internal/modules/moderation/app/service.go:24.35,26.3 1 1
github.com/ilpaka/landmark_app/backend/moderation-service/internal/modules/moderation/app/service.go:27.2,29.36 3 1
github.com/ilpaka/landmark_app/backend/moderation-service/internal/modules/moderation/app/service.go:32.85,34.16 2 3
github.com/ilpaka/landmark_app/backend/moderation-service/internal/modules/moderation/app/service.go:34.16,36.3 1 0
github.com/ilpaka/landmark_app/backend/moderation-service/internal/modules/moderation/app/service.go:37.2,37.41 1 3
github.com/ilpaka/landmark_app/backend/moderation-service/internal/modules/moderation/app/service.go:37.41,39.3 1 1
github.com/ilpaka/landmark_app/backend/moderation-service/internal/modules/moderation/app/service.go:40.2,40.43 1 2
github.com/ilpaka/landmark_app/backend/moderation-service/internal/modules/moderation/app/service.go:40.43,41.67 1 2
github.com/ilpaka/landmark_app/backend/moderation-service/internal/modules/moderation/app/service.go:41.67,43.4 1 1
github.com/ilpaka/landmark_app/backend/moderation-service/internal/modules/moderation/app/service.go:45.2,45.85 1 1
github.com/ilpaka/landmark_app/backend/moderation-service/internal/modules/moderation/app/service.go:48.97,50.16 2 2
github.com/ilpaka/landmark_app/backend/moderation-service/internal/modules/moderation/app/service.go:50.16,52.3 1 1
github.com/ilpaka/landmark_app/backend/moderation-service/internal/modules/moderation/app/service.go:53.2,53.41 1 1
github.com/ilpaka/landmark_app/backend/moderation-service/internal/modules/moderation/app/service.go:53.41,55.3 1 0
github.com/ilpaka/landmark_app/backend/moderation-service/internal/modules/moderation/app/service.go:56.2,56.43 1 1
github.com/ilpaka/landmark_app/backend/moderation-service/internal/modules/moderation/app/service.go:56.43,57.72 1 1
github.com/ilpaka/landmark_app/backend/moderation-service/internal/modules/moderation/app/service.go:57.72,59.4 1 0
github.com/ilpaka/landmark_app/backend/moderation-service/internal/modules/moderation/app/service.go:61.2,61.87 1 1
