mode: atomic
github.com/ilpaka/landmark_app/backend/places-service/internal/modules/place/app/service.go:16.38,16.71 1 11
github.com/ilpaka/landmark_app/backend/places-service/internal/modules/place/app/service.go:18.82,20.2 1 0
github.com/ilpaka/landmark_app/backend/places-service/internal/modules/place/app/service.go:22.96,23.35 1 0
github.com/ilpaka/landmark_app/backend/places-service/internal/modules/place/app/service.go:23.35,25.3 1 0
github.com/ilpaka/landmark_app/backend/places-service/internal/modules/place/app/service.go:26.2,26.35 1 0
github.com/ilpaka/landmark_app/backend/places-service/internal/modules/place/app/service.go:29.118,31.16 2 3
github.com/ilpaka/landmark_app/backend/places-service/internal/modules/place/app/service.go:31.16,33.3 1 0
github.com/ilpaka/landmark_app/backend/places-service/internal/modules/place/app/service.go:34.2,34.14 1 3
github.com/ilpaka/landmark_app/backend/places-service/internal/modules/place/app/service.go:34.14,36.3 1 1
github.com/ilpaka/landmark_app/backend/places-service/internal/modules/place/app/service.go:38.2,38.40 1 2
github.com/ilpaka/landmark_app/backend/places-service/internal/modules/place/app/service.go:38.40,39.20 1 2
github.com/ilpaka/landmark_app/backend/places-service/internal/modules/place/app/service.go:39.20,41.4 1 1
github.com/ilpaka/landmark_app/backend/places-service/internal/modules/place/app/service.go:42.3,43.34 2 1
github.com/ilpaka/landmark_app/backend/places-service/internal/modules/place/app/service.go:43.34,45.4 1 0
github.com/ilpaka/landmark_app/backend/places-service/internal/modules/place/app/service.go:47.2,47.15 1 1
github.com/ilpaka/landmark_app/backend/places-service/internal/modules/place/app/service.go:50.125,51.17 1 2
github.com/ilpaka/landmark_app/backend/places-service/internal/modules/place/app/service.go:51.17,53.3 1 1
github.com/ilpaka/landmark_app/backend/places-service/internal/modules/place/app/service.go:54.2,65.36 2 1
github.com/ilpaka/landmark_app/backend/places-service/internal/modules/place/app/service.go:68.126,70.16 2 1
github.com/ilpaka/landmark_app/backend/places-service/internal/modules/place/app/service.go:70.16,72.3 1 0
github.com/ilpaka/landmark_app/backend/places-service/internal/modules/place/app/service.go:73.2,73.14 1 1
github.com/ilpaka/landmark_app/backend/places-service/internal/modules/place/app/service.go:73.14,75.3 1 0
github.com/ilpaka/landmark_app/backend/places-service/internal/modules/place/app/service.go:76.2,76.48 1 1
github.com/ilpaka/landmark_app/backend/places-service/internal/modules/place/app/service.go:76.48,78.3 1 1
github.com/ilpaka/landmark_app/backend/places-service/internal/modules/place/app/service.go:79.2,79.36 1 0
github.com/ilpaka/landmark_app/backend/places-service/internal/modules/place/app/service.go:79.36,81.3 1 0
github.com/ilpaka/landmark_app/backend/places-service/internal/modules/place/app/service.go:82.2,82.51 1 0
github.com/ilpaka/landmark_app/backend/places-service/internal/modules/place/app/service.go:85.80,87.16 2 3
github.com/ilpaka/landmark_app/backend/places-service/internal/modules/place/app/service.go:87.16,89.3 1 0
github.com/ilpaka/landmark_app/backend/places-service/internal/modules/place/app/service.go:90.2,90.14 1 3
github.com/ilpaka/landmark_app/backend/places-service/internal/modules/place/app/service.go:90.14,92.3 1 1
github.com/ilpaka/landmark_app/backend/places-service/internal/modules/place/app/service.go:93.2,93.48 1 2
github.com/ilpaka/landmark_app/backend/places-service/internal/modules/place/app/service.go:93.48,95.3 1 1
github.com/ilpaka/landmark_app/backend/places-service/internal/modules/place/app/service.go:96.2,96.36 1 1
github.com/ilpaka/landmark_app/backend/places-service/internal/modules/place/app/service.go:96.36,98.3 1 0
github.com/ilpaka/landmark_app/backend/places-service/internal/modules/place/app/service.go:99.2,99.98 1 1
github.com/ilpaka/landmark_app/backend/places-service/internal/modules/place/app/service.go:99.98,101.3 1 0
github.com/ilpaka/landmark_app/backend/places-service/internal/modules/place/app/service.go:102.2,106.4 1 1
github.com/ilpaka/landmark_app/backend/places-service/internal/modules/place/app/service.go:109.87,111.122 2 2
github.com/ilpaka/landmark_app/backend/places-service/internal/modules/place/app/service.go:111.122,113.3 1 1
github.com/ilpaka/landmark_app/backend/places-service/internal/modules/place/app/service.go:114.2,115.35 2 1
github.com/ilpaka/landmark_app/backend/places-service/internal/modules/place/app/service.go:115.35,121.3 1 1
github.com/ilpaka/landmark_app/backend/places-service/internal/modules/place/app/service.go:122.2,122.12 1 1
github.com/ilpaka/landmark_app/backend/places-service/internal/modules/place/app/service.go:125.101,126.125 1 0
github.com/ilpaka/landmark_app/backend/places-service/internal/modules/place/app/service.go:126.125,128.3 1 0
github.com/ilpaka/landmark_app/backend/places-service/internal/modules/place/app/service.go:129.2,130.35 2 0
github.com/ilpaka/landmark_app/backend/places-service/internal/modules/place/app/service.go:130.35,136.3 1 0
github.com/ilpaka/landmark_app/backend/places-service/internal/modules/place/app/service.go:137.2,137.12 1 0
github.com/ilpaka/landmark_app/backend/places-service/internal/modules/place/app/service.go:140.129,152.2 2 0
