mode: atomic
github.com/ilpaka/landmark_app/backend/profile-service/internal/modules/profile/app/service.go:17.94,19.2 1 2
github.com/ilpaka/landmark_app/backend/profile-service/internal/modules/profile/app/service.go:21.127,23.31 2 5
github.com/ilpaka/landmark_app/backend/profile-service/internal/modules/profile/app/service.go:23.31,25.3 1 5
github.com/ilpaka/landmark_app/backend/profile-service/internal/modules/profile/app/service.go:25.8,25.23 1 0
github.com/ilpaka/landmark_app/backend/profile-service/internal/modules/profile/app/service.go:25.23,27.3 1 0
github.com/ilpaka/landmark_app/backend/profile-service/internal/modules/profile/app/service.go:29.2,29.24 1 5
github.com/ilpaka/landmark_app/backend/profile-service/internal/modules/profile/app/service.go:29.24,31.17 2 2
github.com/ilpaka/landmark_app/backend/profile-service/internal/modules/profile/app/service.go:31.17,33.4 1 1
github.com/ilpaka/landmark_app/backend/profile-service/internal/modules/profile/app/service.go:34.3,36.17 3 1
github.com/ilpaka/landmark_app/backend/profile-service/internal/modules/profile/app/service.go:36.17,38.4 1 0
github.com/ilpaka/landmark_app/backend/profile-service/internal/modules/profile/app/service.go:39.3,39.13 1 1
github.com/ilpaka/landmark_app/backend/profile-service/internal/modules/profile/app/service.go:39.13,41.4 1 1
github.com/ilpaka/landmark_app/backend/profile-service/internal/modules/profile/app/service.go:42.3,42.20 1 0
github.com/ilpaka/landmark_app/backend/profile-service/internal/modules/profile/app/service.go:44.2,44.27 1 3
github.com/ilpaka/landmark_app/backend/profile-service/internal/modules/profile/app/service.go:44.27,45.47 1 3
github.com/ilpaka/landmark_app/backend/profile-service/internal/modules/profile/app/service.go:45.47,47.4 1 1
github.com/ilpaka/landmark_app/backend/profile-service/internal/modules/profile/app/service.go:48.3,48.53 1 2
github.com/ilpaka/landmark_app/backend/profile-service/internal/modules/profile/app/service.go:50.2,50.19 1 2
github.com/ilpaka/landmark_app/backend/profile-service/internal/modules/profile/app/service.go:50.19,52.3 1 0
github.com/ilpaka/landmark_app/backend/profile-service/internal/modules/profile/app/service.go:53.2,53.20 1 2
github.com/ilpaka/landmark_app/backend/profile-service/internal/modules/profile/app/service.go:53.20,55.3 1 0
github.com/ilpaka/landmark_app/backend/profile-service/internal/modules/profile/app/service.go:56.2,56.23 1 2
github.com/ilpaka/landmark_app/backend/profile-service/internal/modules/profile/app/service.go:56.23,58.3 1 0
github.com/ilpaka/landmark_app/backend/profile-service/internal/modules/profile/app/service.go:59.2,59.39 1 2
github.com/ilpaka/landmark_app/backend/profile-service/internal/modules/profile/app/service.go:62.102,64.31 2 4
github.com/ilpaka/landmark_app/backend/profile-service/internal/modules/profile/app/service.go:64.31,70.3 1 3
github.com/ilpaka/landmark_app/backend/profile-service/internal/modules/profile/app/service.go:71.2,71.18 1 1
github.com/ilpaka/landmark_app/backend/profile-service/internal/modules/profile/app/service.go:74.135,76.16 2 2
github.com/ilpaka/landmark_app/backend/profile-service/internal/modules/profile/app/service.go:76.16,78.3 1 0
github.com/ilpaka/landmark_app/backend/profile-service/internal/modules/profile/app/service.go:79.2,79.33 1 2
github.com/ilpaka/landmark_app/backend/profile-service/internal/modules/profile/app/service.go:79.33,81.3 1 1
github.com/ilpaka/landmark_app/backend/profile-service/internal/modules/profile/app/service.go:82.2,82.31 1 2
github.com/ilpaka/landmark_app/backend/profile-service/internal/modules/profile/app/service.go:82.31,84.3 1 1
github.com/ilpaka/landmark_app/backend/profile-service/internal/modules/profile/app/service.go:85.2,85.33 1 2
github.com/ilpaka/landmark_app/backend/profile-service/internal/modules/profile/app/service.go:85.33,87.3 1 0
github.com/ilpaka/landmark_app/backend/profile-service/internal/modules/profile/app/service.go:88.2,88.32 1 2
github.com/ilpaka/landmark_app/backend/profile-service/internal/modules/profile/app/service.go:88.32,90.3 1 0
github.com/ilpaka/landmark_app/backend/profile-service/internal/modules/profile/app/service.go:91.2,91.42 1 2
