mode: atomic
github.com/ilpaka/landmark_app/backend/notifications-service/internal/modules/notification/app/service.go:14.96,15.37 1 3
github.com/ilpaka/landmark_app/backend/notifications-service/internal/modules/notification/app/service.go:15.37,17.3 1 2
github.com/ilpaka/landmark_app/backend/notifications-service/internal/modules/notification/app/service.go:18.2,18.44 1 1
github.com/ilpaka/landmark_app/backend/notifications-service/internal/modules/notification/app/service.go:21.101,22.35 1 1
github.com/ilpaka/landmark_app/backend/notifications-service/internal/modules/notification/app/service.go:22.35,24.3 1 1
github.com/ilpaka/landmark_app/backend/notifications-service/internal/modules/notification/app/service.go:25.2,25.42 1 1
github.com/ilpaka/landmark_app/backend/notifications-service/internal/modules/notification/app/service.go:28.77,30.2 1 1
github.com/ilpaka/landmark_app/backend/notifications-service/internal/modules/notification/app/service.go:32.76,34.2 1 1
github.com/ilpaka/landmark_app/backend/notifications-service/internal/modules/notification/app/service.go:36.83,38.2 1 1
github.com/ilpaka/landmark_app/backend/notifications-service/internal/modules/notification/app/service.go:40.119,41.18 1 3
github.com/ilpaka/landmark_app/backend/notifications-service/internal/modules/notification/app/service.go:42.24,42.24 0 2
github.com/ilpaka/landmark_app/backend/notifications-service/internal/modules/notification/app/service.go:43.10,44.35 1 1
github.com/ilpaka/landmark_app/backend/notifications-service/internal/modules/notification/app/service.go:46.2,48.4 1 2
github.com/ilpaka/landmark_app/backend/notifications-service/internal/modules/notification/app/service.go:51.81,53.2 1 0
github.com/ilpaka/landmark_app/backend/notifications-service/internal/modules/notification/app/service.go:55.102,57.31 2 2
github.com/ilpaka/landmark_app/backend/notifications-service/internal/modules/notification/app/service.go:57.31,63.3 1 2
github.com/ilpaka/landmark_app/backend/notifications-service/internal/modules/notification/app/service.go:64.2,64.19 1 0
github.com/ilpaka/landmark_app/backend/notifications-service/internal/modules/notification/app/service.go:67.127,69.16 2 1
github.com/ilpaka/landmark_app/backend/notifications-service/internal/modules/notification/app/service.go:69.16,71.3 1 0
github.com/ilpaka/landmark_app/backend/notifications-service/internal/modules/notification/app/service.go:72.2,72.47 1 1
github.com/ilpaka/landmark_app/backend/notifications-service/internal/modules/notification/app/service.go:72.47,72.85 1 0
github.com/ilpaka/landmark_app/backend/notifications-service/internal/modules/notification/app/service.go:73.2,73.50 1 1
github.com/ilpaka/landmark_app/backend/notifications-service/internal/modules/notification/app/service.go:73.50,73.91 1 0
github.com/ilpaka/landmark_app/backend/notifications-service/internal/modules/notification/app/service.go:74.2,74.44 1 1
github.com/ilpaka/landmark_app/backend/notifications-service/internal/modules/notification/app/service.go:74.44,74.79 1 0
github.com/ilpaka/landmark_app/backend/notifications-service/internal/modules/notification/app/service.go:75.2,75.42 1 1
github.com/ilpaka/landmark_app/backend/notifications-service/internal/modules/notification/app/service.go:75.42,75.76 1 1
github.com/ilpaka/landmark_app/backend/notifications-service/internal/modules/notification/app/service.go:76.2,76.41 1 1
github.com/ilpaka/landmark_app/backend/notifications-service/internal/modules/notification/app/service.go:76.41,76.74 1 0
github.com/ilpaka/landmark_app/backend/notifications-service/internal/modules/notification/app/service.go:77.2,77.51 1 1
github.com/ilpaka/landmark_app/backend/notifications-service/internal/modules/notification/app/service.go:77.51,77.93 1 0
github.com/ilpaka/landmark_app/backend/notifications-service/internal/modules/notification/app/service.go:78.2,78.43 1 1
github.com/ilpaka/landmark_app/backend/notifications-service/internal/modules/notification/app/service.go:78.43,78.78 1 0
github.com/ilpaka/landmark_app/backend/notifications-service/internal/modules/notification/app/service.go:79.2,79.47 1 1
