mode: atomic
github.com/ilpaka/landmark_app/backend/trips-service/internal/modules/trip/app/service.go:14.34,14.63 1 11
github.com/ilpaka/landmark_app/backend/trips-service/internal/modules/trip/app/service.go:16.107,17.17 1 2
github.com/ilpaka/landmark_app/backend/trips-service/internal/modules/trip/app/service.go:17.17,19.3 1 1
github.com/ilpaka/landmark_app/backend/trips-service/internal/modules/trip/app/service.go:20.2,28.35 2 1
github.com/ilpaka/landmark_app/backend/trips-service/internal/modules/trip/app/service.go:31.136,32.31 1 0
github.com/ilpaka/landmark_app/backend/trips-service/internal/modules/trip/app/service.go:32.31,34.3 1 0
github.com/ilpaka/landmark_app/backend/trips-service/internal/modules/trip/app/service.go:35.2,35.63 1 0
github.com/ilpaka/landmark_app/backend/trips-service/internal/modules/trip/app/service.go:38.93,40.16 2 9
github.com/ilpaka/landmark_app/backend/trips-service/internal/modules/trip/app/service.go:40.16,42.3 1 0
github.com/ilpaka/landmark_app/backend/trips-service/internal/modules/trip/app/service.go:43.2,43.14 1 9
github.com/ilpaka/landmark_app/backend/trips-service/internal/modules/trip/app/service.go:43.14,45.3 1 2
github.com/ilpaka/landmark_app/backend/trips-service/internal/modules/trip/app/service.go:46.2,46.26 1 7
github.com/ilpaka/landmark_app/backend/trips-service/internal/modules/trip/app/service.go:46.26,48.3 1 3
github.com/ilpaka/landmark_app/backend/trips-service/internal/modules/trip/app/service.go:49.2,49.15 1 4
github.com/ilpaka/landmark_app/backend/trips-service/internal/modules/trip/app/service.go:52.120,53.55 1 2
github.com/ilpaka/landmark_app/backend/trips-service/internal/modules/trip/app/service.go:53.55,55.3 1 1
github.com/ilpaka/landmark_app/backend/trips-service/internal/modules/trip/app/service.go:56.2,56.49 1 1
github.com/ilpaka/landmark_app/backend/trips-service/internal/modules/trip/app/service.go:59.80,60.55 1 2
github.com/ilpaka/landmark_app/backend/trips-service/internal/modules/trip/app/service.go:60.55,62.3 1 1
github.com/ilpaka/landmark_app/backend/trips-service/internal/modules/trip/app/service.go:63.2,63.64 1 1
github.com/ilpaka/landmark_app/backend/trips-service/internal/modules/trip/app/service.go:66.123,67.55 1 3
github.com/ilpaka/landmark_app/backend/trips-service/internal/modules/trip/app/service.go:67.55,69.3 1 2
github.com/ilpaka/landmark_app/backend/trips-service/internal/modules/trip/app/service.go:70.2,73.38 4 1
github.com/ilpaka/landmark_app/backend/trips-service/internal/modules/trip/app/service.go:76.104,77.55 1 0
github.com/ilpaka/landmark_app/backend/trips-service/internal/modules/trip/app/service.go:77.55,79.3 1 0
github.com/ilpaka/landmark_app/backend/trips-service/internal/modules/trip/app/service.go:80.2,80.39 1 0
github.com/ilpaka/landmark_app/backend/trips-service/internal/modules/trip/app/service.go:83.109,85.2 1 0
