mode: atomic
github.com/ilpaka/landmark_app/backend/favorites-service/internal/modules/favorite/app/service.go:14.103,16.2 1 0
github.com/ilpaka/landmark_app/backend/favorites-service/internal/modules/favorite/app/service.go:18.124,19.17 1 2
github.com/ilpaka/landmark_app/backend/favorites-service/internal/modules/favorite/app/service.go:19.17,21.3 1 1
github.com/ilpaka/landmark_app/backend/favorites-service/internal/modules/favorite/app/service.go:22.2,22.17 1 1
github.com/ilpaka/landmark_app/backend/favorites-service/internal/modules/favorite/app/service.go:22.17,24.3 1 1
github.com/ilpaka/landmark_app/backend/favorites-service/internal/modules/favorite/app/service.go:25.2,25.60 1 1
github.com/ilpaka/landmark_app/backend/favorites-service/internal/modules/favorite/app/service.go:28.128,30.16 2 1
github.com/ilpaka/landmark_app/backend/favorites-service/internal/modules/favorite/app/service.go:30.16,32.3 1 0
github.com/ilpaka/landmark_app/backend/favorites-service/internal/modules/favorite/app/service.go:33.2,33.26 1 1
github.com/ilpaka/landmark_app/backend/favorites-service/internal/modules/favorite/app/service.go:33.26,35.3 1 1
github.com/ilpaka/landmark_app/backend/favorites-service/internal/modules/favorite/app/service.go:36.2,36.17 1 0
github.com/ilpaka/landmark_app/backend/favorites-service/internal/modules/favorite/app/service.go:36.17,38.3 1 0
github.com/ilpaka/landmark_app/backend/favorites-service/internal/modules/favorite/app/service.go:39.2,39.17 1 0
github.com/ilpaka/landmark_app/backend/favorites-service/internal/modules/favorite/app/service.go:39.17,41.3 1 0
github.com/ilpaka/landmark_app/backend/favorites-service/internal/modules/favorite/app/service.go:42.2,42.64 1 0
github.com/ilpaka/landmark_app/backend/favorites-service/internal/modules/favorite/app/service.go:45.85,47.16 2 2
github.com/ilpaka/landmark_app/backend/favorites-service/internal/modules/favorite/app/service.go:47.16,49.3 1 0
github.com/ilpaka/landmark_app/backend/favorites-service/internal/modules/favorite/app/service.go:50.2,50.26 1 2
github.com/ilpaka/landmark_app/backend/favorites-service/internal/modules/favorite/app/service.go:50.26,52.3 1 1
github.com/ilpaka/landmark_app/backend/favorites-service/internal/modules/favorite/app/service.go:53.2,53.19 1 1
github.com/ilpaka/landmark_app/backend/favorites-service/internal/modules/favorite/app/service.go:53.19,55.3 1 1
github.com/ilpaka/landmark_app/backend/favorites-service/internal/modules/favorite/app/service.go:56.2,56.42 1 0
github.com/ilpaka/landmark_app/backend/favorites-service/internal/modules/favorite/app/service.go:59.115,60.35 1 1
github.com/ilpaka/landmark_app/backend/favorites-service/internal/modules/favorite/app/service.go:60.35,62.3 1 1
github.com/ilpaka/landmark_app/backend/favorites-service/internal/modules/favorite/app/service.go:63.2,63.38 1 1
github.com/ilpaka/landmark_app/backend/favorites-service/internal/modules/favorite/app/service.go:66.157,67.12 1 3
github.com/ilpaka/landmark_app/backend/favorites-service/internal/modules/favorite/app/service.go:68.65,68.65 0 2
github.com/ilpaka/landmark_app/backend/favorites-service/internal/modules/favorite/app/service.go:69.10,70.30 1 1
github.com/ilpaka/landmark_app/backend/favorites-service/internal/modules/favorite/app/service.go:72.2,72.25 1 2
github.com/ilpaka/landmark_app/backend/favorites-service/internal/modules/favorite/app/service.go:72.25,74.17 2 1
github.com/ilpaka/landmark_app/backend/favorites-service/internal/modules/favorite/app/service.go:74.17,76.4 1 0
github.com/ilpaka/landmark_app/backend/favorites-service/internal/modules/favorite/app/service.go:77.3,77.25 1 1
github.com/ilpaka/landmark_app/backend/favorites-service/internal/modules/favorite/app/service.go:78.8,80.17 2 1
github.com/ilpaka/landmark_app/backend/favorites-service/internal/modules/favorite/app/service.go:80.17,82.4 1 0
github.com/ilpaka/landmark_app/backend/favorites-service/internal/modules/favorite/app/service.go:83.3,83.27 1 1
github.com/ilpaka/landmark_app/backend/favorites-service/internal/modules/favorite/app/service.go:83.27,85.4 1 1
github.com/ilpaka/landmark_app/backend/favorites-service/internal/modules/favorite/app/service.go:87.2,90.4 1 1
github.com/ilpaka/landmark_app/backend/favorites-service/internal/modules/favorite/app/service.go:93.121,95.2 1 1
